testReadAlg         DEBUG Retrieved McParticles from the TDS
testReadAlg         DEBUG 0 tracks in TDS
testReadAlg         DEBUG 0 TKR vertices on TDS
testReadAlg         DEBUG 0 CAL recon xtals on TDS
testReadAlg         DEBUG 0 CAL clusters on TDS
testReadAlg         DEBUG Retrieved McParticles from the TDS
testReadAlg         DEBUG 0 tracks in TDS
testReadAlg         DEBUG 0 TKR vertices on TDS
testReadAlg         DEBUG 0 CAL recon xtals on TDS
testReadAlg         DEBUG 0 CAL clusters on TDS
testReadAlg         DEBUG Retrieved McParticles from the TDS
testReadAlg         DEBUG 0 tracks in TDS
testReadAlg         DEBUG 0 TKR vertices on TDS
testReadAlg         DEBUG 0 CAL recon xtals on TDS
testReadAlg         DEBUG 0 CAL clusters on TDS
testReadAlg         DEBUG Retrieved McParticles from the TDS
testReadAlg         DEBUG 0 tracks in TDS
testReadAlg         DEBUG 0 TKR vertices on TDS
testReadAlg         DEBUG 0 CAL recon xtals on TDS
testReadAlg         DEBUG 0 CAL clusters on TDS
testReadAlg         DEBUG Retrieved McParticles from the TDS
testReadAlg         DEBUG 0 tracks in TDS
testReadAlg         DEBUG 0 TKR vertices on TDS
testReadAlg         DEBUG 0 CAL recon xtals on TDS
testReadAlg         DEBUG 0 CAL clusters on TDS
testReadAlg         DEBUG Retrieved McParticles from the TDS
testReadAlg         DEBUG 0 tracks in TDS
testReadAlg         DEBUG 0 TKR vertices on TDS
testReadAlg         DEBUG 0 CAL recon xtals on TDS
testReadAlg         DEBUG 0 CAL clusters on TDS
testReadAlg         DEBUG Retrieved McParticles from the TDS
testReadAlg         DEBUG 0 tracks in TDS
testReadAlg         DEBUG 0 TKR vertices on TDS
testReadAlg         DEBUG 0 CAL recon xtals on TDS
testReadAlg         DEBUG 0 CAL clusters on TDS
testReadAlg         DEBUG Retrieved McParticles from the TDS
testReadAlg         DEBUG Retrieved McPositionHits from the TDS
        Deposited Energy      =          1.9
        Deposited Energy      =         0.16
        Deposited Energy      =         0.16
        Deposited Energy      =         0.12
        Deposited Energy      =         0.12
testReadAlg         DEBUG Retrieved McIntegratingHits from the TDS
    Deposited Energy        =          1.7
    Deposited Energy        =          8.9
    Deposited Energy        =          9.4
    Deposited Energy        =          2.1
    Deposited Energy        =           10
    Deposited Energy        =           13
    Deposited Energy        =           10
    Deposited Energy        =         0.34
    Deposited Energy        =           12
testReadAlg         DEBUG 0 tracks in TDS
testReadAlg         DEBUG 0 TKR vertices on TDS
testReadAlg         DEBUG 6 CAL recon xtals on TDS
testReadAlg         DEBUG 1 CAL clusters on TDS
testReadAlg         DEBUG Retrieved McParticles from the TDS
testReadAlg         DEBUG 0 tracks in TDS
testReadAlg         DEBUG 0 TKR vertices on TDS
testReadAlg         DEBUG 0 CAL recon xtals on TDS
testReadAlg         DEBUG 0 CAL clusters on TDS
testReadAlg         DEBUG Retrieved McParticles from the TDS
testReadAlg         DEBUG Retrieved McPositionHits from the TDS
        Deposited Energy      =         0.52
        Deposited Energy      =            1
        Deposited Energy      =         0.11
        Deposited Energy      =         0.12
        Deposited Energy      =          0.1
        Deposited Energy      =         0.12
        Deposited Energy      =        0.097
        Deposited Energy      =         0.13
        Deposited Energy      =         0.11
        Deposited Energy      =         0.17
        Deposited Energy      =        0.099
        Deposited Energy      =          0.1
        Deposited Energy      =         0.11
        Deposited Energy      =         0.13
        Deposited Energy      =         0.11
        Deposited Energy      =         0.15
        Deposited Energy      =         0.15
        Deposited Energy      =         0.14
        Deposited Energy      =         0.12
        Deposited Energy      =         0.18
        Deposited Energy      =         0.16
        Deposited Energy      =         0.15
        Deposited Energy      =          0.1
        Deposited Energy      =         0.11
        Deposited Energy      =         0.11
        Deposited Energy      =         0.13
        Deposited Energy      =         0.13
        Deposited Energy      =         0.24
        Deposited Energy      =         0.13
        Deposited Energy      =         0.14
        Deposited Energy      =         0.11
        Deposited Energy      =         0.14
        Deposited Energy      =         0.14
        Deposited Energy      =          0.1
        Deposited Energy      =          0.1
        Deposited Energy      =         0.13
        Deposited Energy      =         0.11
        Deposited Energy      =         0.11
        Deposited Energy      =         0.14
        Deposited Energy      =         0.11
        Deposited Energy      =        0.047
        Deposited Energy      =          0.2
        Deposited Energy      =        0.051
        Deposited Energy      =         0.15
        Deposited Energy      =         0.29
testReadAlg         DEBUG 1 tracks in TDS
testReadAlg         DEBUG 1 TKR vertices on TDS
testReadAlg         DEBUG 0 CAL recon xtals on TDS
testReadAlg         DEBUG 0 CAL clusters on TDS
