        Deposited Energy      =         0.47
        Deposited Energy      =         0.23
        Deposited Energy      =         0.98
        Deposited Energy      =         0.73
        Deposited Energy      =         0.59
        Deposited Energy      =          0.6
        Deposited Energy      =         0.59
        Deposited Energy      =         0.49
        Deposited Energy      =         0.34
        Deposited Energy      =        0.009
        Deposited Energy      =         0.37
        Deposited Energy      =         0.56
        Deposited Energy      =         0.88
        Deposited Energy      =        0.079
        Deposited Energy      =            1
    Deposited Energy        =            0
    Deposited Energy        =            0
    Deposited Energy        =            0
    Deposited Energy        =            0
    Deposited Energy        =            0
digiRootWriterAlg   DEBUG No Event Summary Data found on TDS
testReadAlg         DEBUG Retrieved McParticles from the TDS
testReadAlg         DEBUG Retrieved McPositionHits from the TDS
        Deposited Energy      =         0.47
        Deposited Energy      =         0.23
        Deposited Energy      =         0.98
        Deposited Energy      =         0.73
        Deposited Energy      =         0.59
        Deposited Energy      =          0.6
        Deposited Energy      =         0.59
        Deposited Energy      =         0.49
        Deposited Energy      =         0.34
        Deposited Energy      =        0.009
        Deposited Energy      =         0.37
        Deposited Energy      =         0.56
        Deposited Energy      =         0.88
        Deposited Energy      =        0.079
        Deposited Energy      =            1
testReadAlg         DEBUG Retrieved McIntegratingHits from the TDS
    Deposited Energy        =            0
    Deposited Energy        =            0
    Deposited Energy        =            0
    Deposited Energy        =            0
    Deposited Energy        =            0
testReadAlg          INFO No TKR track collection on the TDS
testReadAlg          INFO No TKR vertex collection on TDS
testReadAlg          INFO No CAL recon xtal collection on the TDS
testReadAlg          INFO No CAL recon cluster collection on the TDS
testReadAlg          INFO No ACD recon data on TDS
testReadAlg          INFO No OBF on TDS
        Deposited Energy      =         0.99
        Deposited Energy      =         0.19
        Deposited Energy      =         0.32
        Deposited Energy      =        0.097
        Deposited Energy      =         0.72
        Deposited Energy      =         0.32
        Deposited Energy      =          0.6
        Deposited Energy      =         0.63
        Deposited Energy      =         0.81
        Deposited Energy      =        0.093
        Deposited Energy      =         0.13
        Deposited Energy      =         0.91
        Deposited Energy      =         0.95
        Deposited Energy      =        0.043
        Deposited Energy      =         0.22
    Deposited Energy        =            0
    Deposited Energy        =            0
    Deposited Energy        =            0
    Deposited Energy        =            0
    Deposited Energy        =            0
digiRootWriterAlg   DEBUG No Event Summary Data found on TDS
testReadAlg         DEBUG Retrieved McParticles from the TDS
testReadAlg         DEBUG Retrieved McPositionHits from the TDS
        Deposited Energy      =         0.99
        Deposited Energy      =         0.19
        Deposited Energy      =         0.32
        Deposited Energy      =        0.097
        Deposited Energy      =         0.72
        Deposited Energy      =         0.32
        Deposited Energy      =          0.6
        Deposited Energy      =         0.63
        Deposited Energy      =         0.81
        Deposited Energy      =        0.093
        Deposited Energy      =         0.13
        Deposited Energy      =         0.91
        Deposited Energy      =         0.95
        Deposited Energy      =        0.043
        Deposited Energy      =         0.22
testReadAlg         DEBUG Retrieved McIntegratingHits from the TDS
    Deposited Energy        =            0
    Deposited Energy        =            0
    Deposited Energy        =            0
    Deposited Energy        =            0
    Deposited Energy        =            0
testReadAlg          INFO No TKR track collection on the TDS
testReadAlg          INFO No TKR vertex collection on TDS
testReadAlg          INFO No CAL recon xtal collection on the TDS
testReadAlg          INFO No CAL recon cluster collection on the TDS
testReadAlg          INFO No ACD recon data on TDS
testReadAlg          INFO No OBF on TDS
        Deposited Energy      =         0.19
        Deposited Energy      =         0.83
        Deposited Energy      =         0.18
        Deposited Energy      =         0.91
        Deposited Energy      =         0.28
        Deposited Energy      =         0.34
        Deposited Energy      =          0.6
        Deposited Energy      =        0.073
        Deposited Energy      =        0.069
        Deposited Energy      =         0.28
        Deposited Energy      =        0.061
        Deposited Energy      =         0.41
        Deposited Energy      =         0.71
        Deposited Energy      =         0.91
        Deposited Energy      =         0.91
    Deposited Energy        =            0
    Deposited Energy        =            0
    Deposited Energy        =            0
    Deposited Energy        =            0
    Deposited Energy        =            0
digiRootWriterAlg   DEBUG No Event Summary Data found on TDS
testReadAlg         DEBUG Retrieved McParticles from the TDS
testReadAlg         DEBUG Retrieved McPositionHits from the TDS
        Deposited Energy      =         0.19
        Deposited Energy      =         0.83
        Deposited Energy      =         0.18
        Deposited Energy      =         0.91
        Deposited Energy      =         0.28
        Deposited Energy      =         0.34
        Deposited Energy      =          0.6
        Deposited Energy      =        0.073
        Deposited Energy      =        0.069
        Deposited Energy      =         0.28
        Deposited Energy      =        0.061
        Deposited Energy      =         0.41
        Deposited Energy      =         0.71
        Deposited Energy      =         0.91
        Deposited Energy      =         0.91
testReadAlg         DEBUG Retrieved McIntegratingHits from the TDS
    Deposited Energy        =            0
    Deposited Energy        =            0
    Deposited Energy        =            0
    Deposited Energy        =            0
    Deposited Energy        =            0
testReadAlg          INFO No TKR track collection on the TDS
testReadAlg          INFO No TKR vertex collection on TDS
testReadAlg          INFO No CAL recon xtal collection on the TDS
testReadAlg          INFO No CAL recon cluster collection on the TDS
testReadAlg          INFO No ACD recon data on TDS
testReadAlg          INFO No OBF on TDS
        Deposited Energy      =         0.67
        Deposited Energy      =         0.48
        Deposited Energy      =         0.83
        Deposited Energy      =         0.98
        Deposited Energy      =         0.28
        Deposited Energy      =         0.45
        Deposited Energy      =         0.85
        Deposited Energy      =         0.29
        Deposited Energy      =         0.59
        Deposited Energy      =         0.16
        Deposited Energy      =         0.53
        Deposited Energy      =         0.17
        Deposited Energy      =          0.9
        Deposited Energy      =         0.71
        Deposited Energy      =         0.71
    Deposited Energy        =            0
    Deposited Energy        =            0
    Deposited Energy        =            0
    Deposited Energy        =            0
    Deposited Energy        =            0
digiRootWriterAlg   DEBUG No Event Summary Data found on TDS
testReadAlg         DEBUG Retrieved McParticles from the TDS
testReadAlg         DEBUG Retrieved McPositionHits from the TDS
        Deposited Energy      =         0.67
        Deposited Energy      =         0.48
        Deposited Energy      =         0.83
        Deposited Energy      =         0.98
        Deposited Energy      =         0.28
        Deposited Energy      =         0.45
        Deposited Energy      =         0.85
        Deposited Energy      =         0.29
        Deposited Energy      =         0.59
        Deposited Energy      =         0.16
        Deposited Energy      =         0.53
        Deposited Energy      =         0.17
        Deposited Energy      =          0.9
        Deposited Energy      =         0.71
        Deposited Energy      =         0.71
testReadAlg         DEBUG Retrieved McIntegratingHits from the TDS
    Deposited Energy        =            0
    Deposited Energy        =            0
    Deposited Energy        =            0
    Deposited Energy        =            0
    Deposited Energy        =            0
testReadAlg          INFO No TKR track collection on the TDS
testReadAlg          INFO No TKR vertex collection on TDS
testReadAlg          INFO No CAL recon xtal collection on the TDS
testReadAlg          INFO No CAL recon cluster collection on the TDS
testReadAlg          INFO No ACD recon data on TDS
testReadAlg          INFO No OBF on TDS
        Deposited Energy      =         0.64
        Deposited Energy      =         0.14
        Deposited Energy      =         0.78
        Deposited Energy      =         0.33
        Deposited Energy      =         0.18
        Deposited Energy      =         0.16
        Deposited Energy      =         0.74
        Deposited Energy      =         0.05
        Deposited Energy      =         0.27
        Deposited Energy      =         0.26
        Deposited Energy      =         0.51
        Deposited Energy      =         0.82
        Deposited Energy      =         0.38
        Deposited Energy      =        0.039
        Deposited Energy      =         0.54
    Deposited Energy        =            0
    Deposited Energy        =            0
    Deposited Energy        =            0
    Deposited Energy        =            0
    Deposited Energy        =            0
digiRootWriterAlg   DEBUG No Event Summary Data found on TDS
testReadAlg         DEBUG Retrieved McParticles from the TDS
testReadAlg         DEBUG Retrieved McPositionHits from the TDS
        Deposited Energy      =         0.64
        Deposited Energy      =         0.14
        Deposited Energy      =         0.78
        Deposited Energy      =         0.33
        Deposited Energy      =         0.18
        Deposited Energy      =         0.16
        Deposited Energy      =         0.74
        Deposited Energy      =         0.05
        Deposited Energy      =         0.27
        Deposited Energy      =         0.26
        Deposited Energy      =         0.51
        Deposited Energy      =         0.82
        Deposited Energy      =         0.38
        Deposited Energy      =        0.039
        Deposited Energy      =         0.54
testReadAlg         DEBUG Retrieved McIntegratingHits from the TDS
    Deposited Energy        =            0
    Deposited Energy        =            0
    Deposited Energy        =            0
    Deposited Energy        =            0
    Deposited Energy        =            0
testReadAlg          INFO No TKR track collection on the TDS
testReadAlg          INFO No TKR vertex collection on TDS
testReadAlg          INFO No CAL recon xtal collection on the TDS
testReadAlg          INFO No CAL recon cluster collection on the TDS
testReadAlg          INFO No ACD recon data on TDS
testReadAlg          INFO No OBF on TDS
        Deposited Energy      =         0.29
        Deposited Energy      =         0.14
        Deposited Energy      =          0.6
        Deposited Energy      =         0.66
        Deposited Energy      =         0.91
        Deposited Energy      =         0.79
        Deposited Energy      =        0.031
        Deposited Energy      =         0.52
        Deposited Energy      =         0.32
        Deposited Energy      =         0.33
        Deposited Energy      =         0.78
        Deposited Energy      =         0.71
        Deposited Energy      =         0.82
        Deposited Energy      =        0.024
        Deposited Energy      =         0.24
    Deposited Energy        =            0
    Deposited Energy        =            0
    Deposited Energy        =            0
    Deposited Energy        =            0
    Deposited Energy        =            0
digiRootWriterAlg   DEBUG No Event Summary Data found on TDS
testReadAlg         DEBUG Retrieved McParticles from the TDS
testReadAlg         DEBUG Retrieved McPositionHits from the TDS
        Deposited Energy      =         0.29
        Deposited Energy      =         0.14
        Deposited Energy      =          0.6
        Deposited Energy      =         0.66
        Deposited Energy      =         0.91
        Deposited Energy      =         0.79
        Deposited Energy      =        0.031
        Deposited Energy      =         0.52
        Deposited Energy      =         0.32
        Deposited Energy      =         0.33
        Deposited Energy      =         0.78
        Deposited Energy      =         0.71
        Deposited Energy      =         0.82
        Deposited Energy      =        0.024
        Deposited Energy      =         0.24
testReadAlg         DEBUG Retrieved McIntegratingHits from the TDS
    Deposited Energy        =            0
    Deposited Energy        =            0
    Deposited Energy        =            0
    Deposited Energy        =            0
    Deposited Energy        =            0
testReadAlg          INFO No TKR track collection on the TDS
testReadAlg          INFO No TKR vertex collection on TDS
testReadAlg          INFO No CAL recon xtal collection on the TDS
testReadAlg          INFO No CAL recon cluster collection on the TDS
testReadAlg          INFO No ACD recon data on TDS
testReadAlg          INFO No OBF on TDS
        Deposited Energy      =        0.083
        Deposited Energy      =        0.034
        Deposited Energy      =         0.56
        Deposited Energy      =         0.68
        Deposited Energy      =         0.84
        Deposited Energy      =         0.47
        Deposited Energy      =         0.16
        Deposited Energy      =         0.45
        Deposited Energy      =        0.086
        Deposited Energy      =         0.86
        Deposited Energy      =         0.73
        Deposited Energy      =         0.67
        Deposited Energy      =         0.07
        Deposited Energy      =         0.86
        Deposited Energy      =         0.72
    Deposited Energy        =            0
    Deposited Energy        =            0
    Deposited Energy        =            0
    Deposited Energy        =            0
    Deposited Energy        =            0
digiRootWriterAlg   DEBUG No Event Summary Data found on TDS
testReadAlg         DEBUG Retrieved McParticles from the TDS
testReadAlg         DEBUG Retrieved McPositionHits from the TDS
        Deposited Energy      =        0.083
        Deposited Energy      =        0.034
        Deposited Energy      =         0.56
        Deposited Energy      =         0.68
        Deposited Energy      =         0.84
        Deposited Energy      =         0.47
        Deposited Energy      =         0.16
        Deposited Energy      =         0.45
        Deposited Energy      =        0.086
        Deposited Energy      =         0.86
        Deposited Energy      =         0.73
        Deposited Energy      =         0.67
        Deposited Energy      =         0.07
        Deposited Energy      =         0.86
        Deposited Energy      =         0.72
testReadAlg         DEBUG Retrieved McIntegratingHits from the TDS
    Deposited Energy        =            0
    Deposited Energy        =            0
    Deposited Energy        =            0
    Deposited Energy        =            0
    Deposited Energy        =            0
testReadAlg          INFO No TKR track collection on the TDS
testReadAlg          INFO No TKR vertex collection on TDS
testReadAlg          INFO No CAL recon xtal collection on the TDS
testReadAlg          INFO No CAL recon cluster collection on the TDS
testReadAlg          INFO No ACD recon data on TDS
testReadAlg          INFO No OBF on TDS
        Deposited Energy      =         0.41
        Deposited Energy      =         0.26
        Deposited Energy      =          0.7
        Deposited Energy      =         0.92
        Deposited Energy      =          0.9
        Deposited Energy      =         0.76
        Deposited Energy      =         0.54
        Deposited Energy      =         0.27
        Deposited Energy      =         0.82
        Deposited Energy      =         0.81
        Deposited Energy      =         0.17
        Deposited Energy      =          0.5
        Deposited Energy      =         0.34
        Deposited Energy      =         0.77
        Deposited Energy      =        0.055
    Deposited Energy        =            0
    Deposited Energy        =            0
    Deposited Energy        =            0
    Deposited Energy        =            0
    Deposited Energy        =            0
digiRootWriterAlg   DEBUG No Event Summary Data found on TDS
testReadAlg         DEBUG Retrieved McParticles from the TDS
testReadAlg         DEBUG Retrieved McPositionHits from the TDS
        Deposited Energy      =         0.41
        Deposited Energy      =         0.26
        Deposited Energy      =          0.7
        Deposited Energy      =         0.92
        Deposited Energy      =          0.9
        Deposited Energy      =         0.76
        Deposited Energy      =         0.54
        Deposited Energy      =         0.27
        Deposited Energy      =         0.82
        Deposited Energy      =         0.81
        Deposited Energy      =         0.17
        Deposited Energy      =          0.5
        Deposited Energy      =         0.34
        Deposited Energy      =         0.77
        Deposited Energy      =        0.055
testReadAlg         DEBUG Retrieved McIntegratingHits from the TDS
    Deposited Energy        =            0
    Deposited Energy        =            0
    Deposited Energy        =            0
    Deposited Energy        =            0
    Deposited Energy        =            0
testReadAlg          INFO No TKR track collection on the TDS
testReadAlg          INFO No TKR vertex collection on TDS
testReadAlg          INFO No CAL recon xtal collection on the TDS
testReadAlg          INFO No CAL recon cluster collection on the TDS
testReadAlg          INFO No ACD recon data on TDS
testReadAlg          INFO No OBF on TDS
        Deposited Energy      =         0.62
        Deposited Energy      =         0.13
        Deposited Energy      =         0.59
        Deposited Energy      =          0.9
        Deposited Energy      =         0.99
        Deposited Energy      =         0.46
        Deposited Energy      =         0.88
        Deposited Energy      =         0.15
        Deposited Energy      =         0.92
        Deposited Energy      =         0.82
        Deposited Energy      =         0.32
        Deposited Energy      =         0.63
        Deposited Energy      =         0.98
        Deposited Energy      =            1
        Deposited Energy      =         0.72
    Deposited Energy        =            0
    Deposited Energy        =            0
    Deposited Energy        =            0
    Deposited Energy        =            0
    Deposited Energy        =            0
digiRootWriterAlg   DEBUG No Event Summary Data found on TDS
testReadAlg         DEBUG Retrieved McParticles from the TDS
testReadAlg         DEBUG Retrieved McPositionHits from the TDS
        Deposited Energy      =         0.62
        Deposited Energy      =         0.13
        Deposited Energy      =         0.59
        Deposited Energy      =          0.9
        Deposited Energy      =         0.99
        Deposited Energy      =         0.46
        Deposited Energy      =         0.88
        Deposited Energy      =         0.15
        Deposited Energy      =         0.92
        Deposited Energy      =         0.82
        Deposited Energy      =         0.32
        Deposited Energy      =         0.63
        Deposited Energy      =         0.98
        Deposited Energy      =            1
        Deposited Energy      =         0.72
testReadAlg         DEBUG Retrieved McIntegratingHits from the TDS
    Deposited Energy        =            0
    Deposited Energy        =            0
    Deposited Energy        =            0
    Deposited Energy        =            0
    Deposited Energy        =            0
testReadAlg          INFO No TKR track collection on the TDS
testReadAlg          INFO No TKR vertex collection on TDS
testReadAlg          INFO No CAL recon xtal collection on the TDS
testReadAlg          INFO No CAL recon cluster collection on the TDS
testReadAlg          INFO No ACD recon data on TDS
testReadAlg          INFO No OBF on TDS
        Deposited Energy      =         0.54
        Deposited Energy      =         0.19
        Deposited Energy      =         0.39
        Deposited Energy      =         0.97
        Deposited Energy      =         0.71
        Deposited Energy      =       0.0063
        Deposited Energy      =         0.94
        Deposited Energy      =         0.36
        Deposited Energy      =         0.72
        Deposited Energy      =         0.16
        Deposited Energy      =         0.45
        Deposited Energy      =         0.29
        Deposited Energy      =         0.22
        Deposited Energy      =         0.96
        Deposited Energy      =        0.087
    Deposited Energy        =            0
    Deposited Energy        =            0
    Deposited Energy        =            0
    Deposited Energy        =            0
    Deposited Energy        =            0
digiRootWriterAlg   DEBUG No Event Summary Data found on TDS
testReadAlg         DEBUG Retrieved McParticles from the TDS
testReadAlg         DEBUG Retrieved McPositionHits from the TDS
        Deposited Energy      =         0.54
        Deposited Energy      =         0.19
        Deposited Energy      =         0.39
        Deposited Energy      =         0.97
        Deposited Energy      =         0.71
        Deposited Energy      =       0.0063
        Deposited Energy      =         0.94
        Deposited Energy      =         0.36
        Deposited Energy      =         0.72
        Deposited Energy      =         0.16
        Deposited Energy      =         0.45
        Deposited Energy      =         0.29
        Deposited Energy      =         0.22
        Deposited Energy      =         0.96
        Deposited Energy      =        0.087
testReadAlg         DEBUG Retrieved McIntegratingHits from the TDS
    Deposited Energy        =            0
    Deposited Energy        =            0
    Deposited Energy        =            0
    Deposited Energy        =            0
    Deposited Energy        =            0
testReadAlg          INFO No TKR track collection on the TDS
testReadAlg          INFO No TKR vertex collection on TDS
testReadAlg          INFO No CAL recon xtal collection on the TDS
testReadAlg          INFO No CAL recon cluster collection on the TDS
testReadAlg          INFO No ACD recon data on TDS
testReadAlg          INFO No OBF on TDS
