FhDemoGetAlg         INFO Mc Const SystemEnv.RootIoShr: $CMTPATH/RootIo/v12r10/rh9_gcc32/libRootIo
FhDemoGetAlg         INFO Mc Const CmtUses.Event: v9r13p1
FhDemoGetAlg         INFO Mc Const CmtMacros.package: RootIo
FhDemoGetAlg         INFO Mc Const CmtMacros.ROOTIOVERSION: v12r10
FhDemoGetAlg         INFO Mc Const JobOptions.ApplicationMgr.DLLs: {"RootIo","GlastSvc","GaudiAud"}
FhDemoGetAlg         INFO Mc Const JobOptions.ApplicationMgr.EvtMax: 10
FhDemoGetAlg         INFO Mc Const JobOptions.ApplicationMgr.ExtSvc: {"GlastEventSelector/EventSelector","EventCnvSvc","ChronoStatSvc"}
FhDemoGetAlg         INFO Mc Const JobOptions.ApplicationMgr.TopAlg: {"createFakeTdsDataAlg","FhSetAlg","FhDemoCaloSetAlg","FhDemoGetAlg","mcRootWriterAlg","digiRootWriterAlg","reconRootWriterAlg"}
FhDemoGetAlg         INFO Mc Const JobOptions.AuditorSvc.Auditors: {"ChronoAuditor"}
FhDemoGetAlg         INFO Mc Const JobOptions.EventPersistencySvc.CnvServices: {"EventCnvSvc"}
FhDemoGetAlg         INFO Mc Const JobOptions.EventSelector.Input: "NONE"
FhDemoGetAlg         INFO Mc Const JobOptions.MessageSvc.OutputLevel: 2
FhDemoGetAlg         INFO Mc Const JobOptions.digiRootWriterAlg.bufferSize: 64000
FhDemoGetAlg         INFO Mc Const JobOptions.digiRootWriterAlg.compressionLevel: 1
FhDemoGetAlg         INFO Mc Const JobOptions.digiRootWriterAlg.digiRootFile: "$(ROOTIOROOT)/src/test/digi-fake.root"
FhDemoGetAlg         INFO Mc Const JobOptions.digiRootWriterAlg.splitMode: 1
FhDemoGetAlg         INFO Mc Const JobOptions.mcRootWriterAlg.bufferSize: 64000
FhDemoGetAlg         INFO Mc Const JobOptions.mcRootWriterAlg.compressionLevel: 1
FhDemoGetAlg         INFO Mc Const JobOptions.mcRootWriterAlg.mcRootFile: "$(ROOTIOROOT)/src/test/mc-fake.root"
FhDemoGetAlg         INFO Mc Const JobOptions.mcRootWriterAlg.splitMode: 1
FhDemoGetAlg         INFO Mc Const JobOptions.reconRootWriterAlg.bufferSize: 64000
FhDemoGetAlg         INFO Mc Const JobOptions.reconRootWriterAlg.compressionLevel: 1
FhDemoGetAlg         INFO Mc Const JobOptions.reconRootWriterAlg.reconRootFile: "$(ROOTIOROOT)/src/test/recon-fake.root"
FhDemoGetAlg         INFO Mc Const JobOptions.reconRootWriterAlg.splitMode: 1
FhDemoGetAlg         INFO Mc Const ChronoStatTable.ChronoStatSvc: 410 [ms]
FhDemoGetAlg         INFO Mc Const ChronoStatTable.FhDemoCaloSetAl...: 0 [us]
FhDemoGetAlg         INFO Mc Const ChronoStatTable.FhDemoGetAlg:ex...: 0 [us]
FhDemoGetAlg         INFO Mc Const ChronoStatTable.FhSetAlg:execute: 0 [us]
FhDemoGetAlg         INFO Mc Const ChronoStatTable.createFakeTdsDa...: 20 [ms]
FhDemoGetAlg         INFO Mc Const ChronoStatTable.digiRootWriterA...: 20 [ms]
FhDemoGetAlg         INFO Mc Const ChronoStatTable.mcRootWriterAlg...: 230 [ms]
FhDemoGetAlg         INFO Mc Const ChronoStatTable.reconRootWriter...: 0 [us]
FhDemoGetAlg         INFO Digi Const SystemEnv.RootIoShr: $CMTPATH/RootIo/v12r10/rh9_gcc32/libRootIo
FhDemoGetAlg         INFO Digi Const CmtUses.Event: v9r13p1
FhDemoGetAlg         INFO Digi Const CmtMacros.package: RootIo
FhDemoGetAlg         INFO Digi Const CmtMacros.ROOTIOVERSION: v12r10
FhDemoGetAlg         INFO Digi Const JobOptions.ApplicationMgr.DLLs: {"RootIo","GlastSvc","GaudiAud"}
FhDemoGetAlg         INFO Digi Const JobOptions.ApplicationMgr.EvtMax: 10
FhDemoGetAlg         INFO Digi Const JobOptions.ApplicationMgr.ExtSvc: {"GlastEventSelector/EventSelector","EventCnvSvc","ChronoStatSvc"}
FhDemoGetAlg         INFO Digi Const JobOptions.ApplicationMgr.TopAlg: {"createFakeTdsDataAlg","FhSetAlg","FhDemoCaloSetAlg","FhDemoGetAlg","mcRootWriterAlg","digiRootWriterAlg","reconRootWriterAlg"}
FhDemoGetAlg         INFO Digi Const JobOptions.AuditorSvc.Auditors: {"ChronoAuditor"}
FhDemoGetAlg         INFO Digi Const JobOptions.EventPersistencySvc.CnvServices: {"EventCnvSvc"}
FhDemoGetAlg         INFO Digi Const JobOptions.EventSelector.Input: "NONE"
FhDemoGetAlg         INFO Digi Const JobOptions.MessageSvc.OutputLevel: 2
FhDemoGetAlg         INFO Digi Const JobOptions.digiRootWriterAlg.bufferSize: 64000
FhDemoGetAlg         INFO Digi Const JobOptions.digiRootWriterAlg.compressionLevel: 1
FhDemoGetAlg         INFO Digi Const JobOptions.digiRootWriterAlg.digiRootFile: "$(ROOTIOROOT)/src/test/digi-fake.root"
FhDemoGetAlg         INFO Digi Const JobOptions.digiRootWriterAlg.splitMode: 1
FhDemoGetAlg         INFO Digi Const JobOptions.mcRootWriterAlg.bufferSize: 64000
FhDemoGetAlg         INFO Digi Const JobOptions.mcRootWriterAlg.compressionLevel: 1
FhDemoGetAlg         INFO Digi Const JobOptions.mcRootWriterAlg.mcRootFile: "$(ROOTIOROOT)/src/test/mc-fake.root"
FhDemoGetAlg         INFO Digi Const JobOptions.mcRootWriterAlg.splitMode: 1
FhDemoGetAlg         INFO Digi Const JobOptions.reconRootWriterAlg.bufferSize: 64000
FhDemoGetAlg         INFO Digi Const JobOptions.reconRootWriterAlg.compressionLevel: 1
FhDemoGetAlg         INFO Digi Const JobOptions.reconRootWriterAlg.reconRootFile: "$(ROOTIOROOT)/src/test/recon-fake.root"
FhDemoGetAlg         INFO Digi Const JobOptions.reconRootWriterAlg.splitMode: 1
FhDemoGetAlg         INFO Digi Const ChronoStatTable.ChronoStatSvc: 410 [ms]
FhDemoGetAlg         INFO Digi Const ChronoStatTable.FhDemoCaloSetAl...: 0 [us]
FhDemoGetAlg         INFO Digi Const ChronoStatTable.FhDemoGetAlg:ex...: 0 [us]
FhDemoGetAlg         INFO Digi Const ChronoStatTable.FhSetAlg:execute: 0 [us]
FhDemoGetAlg         INFO Digi Const ChronoStatTable.createFakeTdsDa...: 20 [ms]
FhDemoGetAlg         INFO Digi Const ChronoStatTable.digiRootWriterA...: 20 [ms]
FhDemoGetAlg         INFO Digi Const ChronoStatTable.mcRootWriterAlg...: 230 [ms]
FhDemoGetAlg         INFO Digi Const ChronoStatTable.reconRootWriter...: 0 [us]
FhDemoGetAlg         INFO Recon Const SystemEnv.RootIoShr: $CMTPATH/RootIo/v12r10/rh9_gcc32/libRootIo
FhDemoGetAlg         INFO Recon Const CmtUses.Event: v9r13p1
FhDemoGetAlg         INFO Recon Const CmtMacros.package: RootIo
FhDemoGetAlg         INFO Recon Const CmtMacros.ROOTIOVERSION: v12r10
FhDemoGetAlg         INFO Recon Const JobOptions.ApplicationMgr.DLLs: {"RootIo","GlastSvc","GaudiAud"}
FhDemoGetAlg         INFO Recon Const JobOptions.ApplicationMgr.EvtMax: 10
FhDemoGetAlg         INFO Recon Const JobOptions.ApplicationMgr.ExtSvc: {"GlastEventSelector/EventSelector","EventCnvSvc","ChronoStatSvc"}
FhDemoGetAlg         INFO Recon Const JobOptions.ApplicationMgr.TopAlg: {"createFakeTdsDataAlg","FhSetAlg","FhDemoCaloSetAlg","FhDemoGetAlg","mcRootWriterAlg","digiRootWriterAlg","reconRootWriterAlg"}
FhDemoGetAlg         INFO Recon Const JobOptions.AuditorSvc.Auditors: {"ChronoAuditor"}
FhDemoGetAlg         INFO Recon Const JobOptions.EventPersistencySvc.CnvServices: {"EventCnvSvc"}
FhDemoGetAlg         INFO Recon Const JobOptions.EventSelector.Input: "NONE"
FhDemoGetAlg         INFO Recon Const JobOptions.MessageSvc.OutputLevel: 2
FhDemoGetAlg         INFO Recon Const JobOptions.digiRootWriterAlg.bufferSize: 64000
FhDemoGetAlg         INFO Recon Const JobOptions.digiRootWriterAlg.compressionLevel: 1
FhDemoGetAlg         INFO Recon Const JobOptions.digiRootWriterAlg.digiRootFile: "$(ROOTIOROOT)/src/test/digi-fake.root"
FhDemoGetAlg         INFO Recon Const JobOptions.digiRootWriterAlg.splitMode: 1
FhDemoGetAlg         INFO Recon Const JobOptions.mcRootWriterAlg.bufferSize: 64000
FhDemoGetAlg         INFO Recon Const JobOptions.mcRootWriterAlg.compressionLevel: 1
FhDemoGetAlg         INFO Recon Const JobOptions.mcRootWriterAlg.mcRootFile: "$(ROOTIOROOT)/src/test/mc-fake.root"
FhDemoGetAlg         INFO Recon Const JobOptions.mcRootWriterAlg.splitMode: 1
FhDemoGetAlg         INFO Recon Const JobOptions.reconRootWriterAlg.bufferSize: 64000
FhDemoGetAlg         INFO Recon Const JobOptions.reconRootWriterAlg.compressionLevel: 1
FhDemoGetAlg         INFO Recon Const JobOptions.reconRootWriterAlg.reconRootFile: "$(ROOTIOROOT)/src/test/recon-fake.root"
FhDemoGetAlg         INFO Recon Const JobOptions.reconRootWriterAlg.splitMode: 1
FhDemoGetAlg         INFO Recon Const ChronoStatTable.ChronoStatSvc: 410 [ms]
FhDemoGetAlg         INFO Recon Const ChronoStatTable.FhDemoCaloSetAl...: 0 [us]
FhDemoGetAlg         INFO Recon Const ChronoStatTable.FhDemoGetAlg:ex...: 0 [us]
FhDemoGetAlg         INFO Recon Const ChronoStatTable.FhSetAlg:execute: 0 [us]
FhDemoGetAlg         INFO Recon Const ChronoStatTable.createFakeTdsDa...: 20 [ms]
FhDemoGetAlg         INFO Recon Const ChronoStatTable.digiRootWriterA...: 20 [ms]
FhDemoGetAlg         INFO Recon Const ChronoStatTable.mcRootWriterAlg...: 230 [ms]
FhDemoGetAlg         INFO Recon Const ChronoStatTable.reconRootWriter...: 0 [us]
FhDemoGetAlg         INFO Digi Const CaloString: Demo String
