FhDemoGetAlg         INFO Mc SystemEnv.RootIoShr: $CMTPATH/RootIo/v12r10/rh9_gcc32/libRootIo
FhDemoGetAlg         INFO Mc CmtUses.Event: v9r13p1
FhDemoGetAlg         INFO Mc CmtMacros.package: RootIo
FhDemoGetAlg         INFO Mc CmtMacros.ROOTIOVERSION: v12r10
FhDemoGetAlg         INFO Mc JobOptions.ApplicationMgr.DLLs: {"RootIo","GlastSvc","GaudiAud"}
FhDemoGetAlg         INFO Mc JobOptions.ApplicationMgr.EvtMax: 10
FhDemoGetAlg         INFO Mc JobOptions.ApplicationMgr.ExtSvc: {"GlastEventSelector/EventSelector","EventCnvSvc","ChronoStatSvc"}
FhDemoGetAlg         INFO Mc JobOptions.ApplicationMgr.TopAlg: {"createFakeTdsDataAlg","FhSetAlg","FhDemoCaloSetAlg","FhDemoGetAlg","mcRootWriterAlg","digiRootWriterAlg","reconRootWriterAlg"}
FhDemoGetAlg         INFO Mc JobOptions.AuditorSvc.Auditors: {"ChronoAuditor"}
FhDemoGetAlg         INFO Mc JobOptions.EventPersistencySvc.CnvServices: {"EventCnvSvc"}
FhDemoGetAlg         INFO Mc JobOptions.EventSelector.Input: "NONE"
FhDemoGetAlg         INFO Mc JobOptions.MessageSvc.OutputLevel: 2
FhDemoGetAlg         INFO Mc JobOptions.digiRootWriterAlg.bufferSize: 64000
FhDemoGetAlg         INFO Mc JobOptions.digiRootWriterAlg.compressionLevel: 1
FhDemoGetAlg         INFO Mc JobOptions.digiRootWriterAlg.digiRootFile: "$(ROOTIOROOT)/src/test/digi-fake.root"
FhDemoGetAlg         INFO Mc JobOptions.digiRootWriterAlg.splitMode: 1
FhDemoGetAlg         INFO Mc JobOptions.mcRootWriterAlg.bufferSize: 64000
FhDemoGetAlg         INFO Mc JobOptions.mcRootWriterAlg.compressionLevel: 1
FhDemoGetAlg         INFO Mc JobOptions.mcRootWriterAlg.mcRootFile: "$(ROOTIOROOT)/src/test/mc-fake.root"
FhDemoGetAlg         INFO Mc JobOptions.mcRootWriterAlg.splitMode: 1
FhDemoGetAlg         INFO Mc JobOptions.reconRootWriterAlg.bufferSize: 64000
FhDemoGetAlg         INFO Mc JobOptions.reconRootWriterAlg.compressionLevel: 1
FhDemoGetAlg         INFO Mc JobOptions.reconRootWriterAlg.reconRootFile: "$(ROOTIOROOT)/src/test/recon-fake.root"
FhDemoGetAlg         INFO Mc JobOptions.reconRootWriterAlg.splitMode: 1
FhDemoGetAlg         INFO Mc ChronoStatTable.ChronoStatSvc
FhDemoGetAlg         INFO Mc ChronoStatTable.FhDemoCaloSetAl...
FhDemoGetAlg         INFO Mc ChronoStatTable.FhDemoGetAlg:ex...
FhDemoGetAlg         INFO Mc ChronoStatTable.FhSetAlg:execute
FhDemoGetAlg         INFO Mc ChronoStatTable.createFakeTdsDa...
FhDemoGetAlg         INFO Mc ChronoStatTable.digiRootWriterA...
FhDemoGetAlg         INFO Mc ChronoStatTable.mcRootWriterAlg...
FhDemoGetAlg         INFO Mc ChronoStatTable.reconRootWriter...
FhDemoGetAlg         INFO Digi SystemEnv.RootIoShr: $CMTPATH/RootIo/v12r10/rh9_gcc32/libRootIo
FhDemoGetAlg         INFO Digi CmtUses.Event: v9r13p1
FhDemoGetAlg         INFO Digi CmtMacros.package: RootIo
FhDemoGetAlg         INFO Digi CmtMacros.ROOTIOVERSION: v12r10
FhDemoGetAlg         INFO Digi JobOptions.ApplicationMgr.DLLs: {"RootIo","GlastSvc","GaudiAud"}
FhDemoGetAlg         INFO Digi JobOptions.ApplicationMgr.EvtMax: 10
FhDemoGetAlg         INFO Digi JobOptions.ApplicationMgr.ExtSvc: {"GlastEventSelector/EventSelector","EventCnvSvc","ChronoStatSvc"}
FhDemoGetAlg         INFO Digi JobOptions.ApplicationMgr.TopAlg: {"createFakeTdsDataAlg","FhSetAlg","FhDemoCaloSetAlg","FhDemoGetAlg","mcRootWriterAlg","digiRootWriterAlg","reconRootWriterAlg"}
FhDemoGetAlg         INFO Digi JobOptions.AuditorSvc.Auditors: {"ChronoAuditor"}
FhDemoGetAlg         INFO Digi JobOptions.EventPersistencySvc.CnvServices: {"EventCnvSvc"}
FhDemoGetAlg         INFO Digi JobOptions.EventSelector.Input: "NONE"
FhDemoGetAlg         INFO Digi JobOptions.MessageSvc.OutputLevel: 2
FhDemoGetAlg         INFO Digi JobOptions.digiRootWriterAlg.bufferSize: 64000
FhDemoGetAlg         INFO Digi JobOptions.digiRootWriterAlg.compressionLevel: 1
FhDemoGetAlg         INFO Digi JobOptions.digiRootWriterAlg.digiRootFile: "$(ROOTIOROOT)/src/test/digi-fake.root"
FhDemoGetAlg         INFO Digi JobOptions.digiRootWriterAlg.splitMode: 1
FhDemoGetAlg         INFO Digi JobOptions.mcRootWriterAlg.bufferSize: 64000
FhDemoGetAlg         INFO Digi JobOptions.mcRootWriterAlg.compressionLevel: 1
FhDemoGetAlg         INFO Digi JobOptions.mcRootWriterAlg.mcRootFile: "$(ROOTIOROOT)/src/test/mc-fake.root"
FhDemoGetAlg         INFO Digi JobOptions.mcRootWriterAlg.splitMode: 1
FhDemoGetAlg         INFO Digi JobOptions.reconRootWriterAlg.bufferSize: 64000
FhDemoGetAlg         INFO Digi JobOptions.reconRootWriterAlg.compressionLevel: 1
FhDemoGetAlg         INFO Digi JobOptions.reconRootWriterAlg.reconRootFile: "$(ROOTIOROOT)/src/test/recon-fake.root"
FhDemoGetAlg         INFO Digi JobOptions.reconRootWriterAlg.splitMode: 1
FhDemoGetAlg         INFO Digi ChronoStatTable.ChronoStatSvc
FhDemoGetAlg         INFO Digi ChronoStatTable.FhDemoCaloSetAl...
FhDemoGetAlg         INFO Digi ChronoStatTable.FhDemoGetAlg:ex...
FhDemoGetAlg         INFO Digi ChronoStatTable.FhSetAlg:execute
FhDemoGetAlg         INFO Digi ChronoStatTable.createFakeTdsDa...
FhDemoGetAlg         INFO Digi ChronoStatTable.digiRootWriterA...
FhDemoGetAlg         INFO Digi ChronoStatTable.mcRootWriterAlg...
FhDemoGetAlg         INFO Digi ChronoStatTable.reconRootWriter...
FhDemoGetAlg         INFO Recon SystemEnv.RootIoShr: $CMTPATH/RootIo/v12r10/rh9_gcc32/libRootIo
FhDemoGetAlg         INFO Recon CmtUses.Event: v9r13p1
FhDemoGetAlg         INFO Recon CmtMacros.package: RootIo
FhDemoGetAlg         INFO Recon CmtMacros.ROOTIOVERSION: v12r10
FhDemoGetAlg         INFO Recon JobOptions.ApplicationMgr.DLLs: {"RootIo","GlastSvc","GaudiAud"}
FhDemoGetAlg         INFO Recon JobOptions.ApplicationMgr.EvtMax: 10
FhDemoGetAlg         INFO Recon JobOptions.ApplicationMgr.ExtSvc: {"GlastEventSelector/EventSelector","EventCnvSvc","ChronoStatSvc"}
FhDemoGetAlg         INFO Recon JobOptions.ApplicationMgr.TopAlg: {"createFakeTdsDataAlg","FhSetAlg","FhDemoCaloSetAlg","FhDemoGetAlg","mcRootWriterAlg","digiRootWriterAlg","reconRootWriterAlg"}
FhDemoGetAlg         INFO Recon JobOptions.AuditorSvc.Auditors: {"ChronoAuditor"}
FhDemoGetAlg         INFO Recon JobOptions.EventPersistencySvc.CnvServices: {"EventCnvSvc"}
FhDemoGetAlg         INFO Recon JobOptions.EventSelector.Input: "NONE"
FhDemoGetAlg         INFO Recon JobOptions.MessageSvc.OutputLevel: 2
FhDemoGetAlg         INFO Recon JobOptions.digiRootWriterAlg.bufferSize: 64000
FhDemoGetAlg         INFO Recon JobOptions.digiRootWriterAlg.compressionLevel: 1
FhDemoGetAlg         INFO Recon JobOptions.digiRootWriterAlg.digiRootFile: "$(ROOTIOROOT)/src/test/digi-fake.root"
FhDemoGetAlg         INFO Recon JobOptions.digiRootWriterAlg.splitMode: 1
FhDemoGetAlg         INFO Recon JobOptions.mcRootWriterAlg.bufferSize: 64000
FhDemoGetAlg         INFO Recon JobOptions.mcRootWriterAlg.compressionLevel: 1
FhDemoGetAlg         INFO Recon JobOptions.mcRootWriterAlg.mcRootFile: "$(ROOTIOROOT)/src/test/mc-fake.root"
FhDemoGetAlg         INFO Recon JobOptions.mcRootWriterAlg.splitMode: 1
FhDemoGetAlg         INFO Recon JobOptions.reconRootWriterAlg.bufferSize: 64000
FhDemoGetAlg         INFO Recon JobOptions.reconRootWriterAlg.compressionLevel: 1
FhDemoGetAlg         INFO Recon JobOptions.reconRootWriterAlg.reconRootFile: "$(ROOTIOROOT)/src/test/recon-fake.root"
FhDemoGetAlg         INFO Recon JobOptions.reconRootWriterAlg.splitMode: 1
FhDemoGetAlg         INFO Recon ChronoStatTable.ChronoStatSvc
FhDemoGetAlg         INFO Recon ChronoStatTable.FhDemoCaloSetAl...
FhDemoGetAlg         INFO Recon ChronoStatTable.FhDemoGetAlg:ex...
FhDemoGetAlg         INFO Recon ChronoStatTable.FhSetAlg:execute
FhDemoGetAlg         INFO Recon ChronoStatTable.createFakeTdsDa...
FhDemoGetAlg         INFO Recon ChronoStatTable.digiRootWriterA...
FhDemoGetAlg         INFO Recon ChronoStatTable.mcRootWriterAlg...
FhDemoGetAlg         INFO Recon ChronoStatTable.reconRootWriter...
FhDemoGetAlg         INFO Digi CaloString: Demo String
FhDemoGetAlg:ex...   INFO Time User   : Tot=    0 [us] Ave/Min/Max=    0(+-    0)/    0/    0 [us] #= 10
